test succeeded你好